// Jest Snapshot v1, https://goo.gl/fbAQLP

exports[`Works when it has failing tests 1`] = `
"FAIL integrationTests/__fixtures__/failing/__src__/file1.js
  ✕ Check for ⚔️ 🏃
Company policies require ⚔️ 🏃 in every file
Test Suites: 1 failed, 1 total
Tests:       1 failed, 1 total
Snapshots:   0 total
Time:
Ran all test suites.

"
`;
